// Jest Snapshot v1, https://goo.gl/fbAQLP

exports[`Header component snapshot match 1`] = `[Function]`;

exports[`Header component snapshot matches 1`] = `[Function]`;

exports[`Компонент Header snapshot 1`] = `[Function]`;
